
> promptgen-pro@1.0.0 build
> next build

  ▲ Next.js 14.2.0
  - Environments: .env.local

   Creating an optimized production build ...
